N_stretch	DHH_Helitron7_OS_helRCHelitron_genewise_with_Helitron2_OS_2523-7860_(2_intron)_Oryza_sativa	583	651
N_stretch	DHH_gi_10177991_dbj_BAB11364.1helicase [Arabidopsis thaliana]	17	104
N_stretch	DHH_gi_140069712_gb_ABO84030.1Protein of unknown function DUF889, eukaryote [Medicago truncatula]	231	278
N_stretch	DTA_HAT-5_Mad_tpDNAhAT-Tip100_835-3393_Malus_x_domestica	10	139
N_stretch	DTC_ACG60682.1	59	129
N_stretch	DTC_ATEnSpm2DNAEn-Spm_genewise_with_BREnSpm1_and_ATEnSpm9_Arabidopsis	42	117
N_stretch	DTC_ATEnSpm6DNAEn-Spm_almost_identical_to_ATEnSpm5_90%_identical_to_ATEnSpm9_genewise_with_the_latter_Arabidopsis	79	154
N_stretch	DTC_ATEnSpm9DNAEn-Spm_basically_is_gi_25405954_pir_A96528DNA_Arabidopsis	67	140
N_stretch	DTC_Candystripe1_SB_3261-4469rUnknown_Sorghum_bicolor	34	105
N_stretch	DTC_gi_15220677_ref_NP_174307.1En/Spm-like transposon protein, putative; protein id_ At1g30150.1 [Arabidopsis thaliana] gi_25403105_pir_F86425 probable En/Spm-like transposon protein [imported] - Arabidopsis thaliana gi_12321633_gb_AAG50859.1_AC074176_8 En/Spm-like transposon protein, putative [Arabidopsis thaliana]	378	413
N_stretch	DTC_gi_15226719_ref_NP_178835.1putative TNP2-like transposon protein; protein id_ At2g10140.1 [Arabidopsis thaliana] gi_25411349_pir_F84490 probable TNP2-like transposon protein [imported] - Arabidopsis thaliana gi_4558688_gb_AAD22705.1putative TNP2-like transposon protein [Arabidopsis thaliana]	94	175
N_stretch	DTC_gi_22325592_ref_NP_178853.2En/Spm transposon hypothetical protein 1; protein id_ At2g10630.1 [Arabidopsis thaliana]	100	175
N_stretch	DTC_gi_22328299_ref_NP_192299.2putative transposon protein; protein id_ At4g03900.1 [Arabidopsis thaliana]	116	181
N_stretch	DTC_gi_55168000_gb_AAV43868.1unknown protein [Oryza sativa (japonica cultivar-group)]	1356	1441
N_stretch	DTC_gi_77557013_gb_ABA99809.1transposon protein, putative, CACTA, En/Spm sub-class [Oryza sativa (japonica cultivar-group)]	1075	1125
N_stretch	DTH_MTIS112A_tpDNAHarbinger_502-1620_(1_intron)_Medicago_truncatula	4	61
N_stretch	DTM_MUMT_tpDNAMuDR_499-2578_via_tfasty_with_Jittery_1_frameshift_and_2_stopcodons_Medicago_truncatula	15	72
N_stretch	DTM_MUMT_tpDNAMuDR_499-2578_via_tfasty_with_Jittery_1_frameshift_and_2_stopcodons_Medicago_truncatula	666	678
N_stretch	DTM_MuDRASH3_MT_tpDNAMuDR_887-4410_(via_genscan_2_introns)_Medicago_truncatula	950	1023
N_stretch	DTM_SHAMUDRAV_MT_p3DNAMuDR_1353-472_(reverse)_Probably_the_C-terminal_half_of_SHAMUDRAV_MT_p2_but_splice_site_is_unclear_Medicago_truncatula	138	234
N_stretch	DTT_gi_140039174_gb_ABO78159.1probable transposase - soybean transposon mariner element Soymar1-related, related [Medicago truncatula]	8	114
N_stretch	RII_I_Drosophila_melanogaster1	79	175
N_stretch	RIL_31126775_Osa_gagLINEL1 Genomic_ORF_L1_Td-like_Oryza_sativa	364	449
N_stretch	RIL_L1-13_Mad_gagLINEL1 540-1292_Malus_x_domestica	133	184
N_stretch	RIL_LINE1-38_ZM_gagLINEL1 863-2686_Zea_mays	325	376
N_stretch	RIL_SHALINE12_MT_gagLINEL1 77-1634_via_tfasty_with_LINE1C_MT_gag_1_frameshift_(for_the_260_AA_before_the_frame_shift_LINE1C_MT_gag_and_SHALINE12_MT_gag_are_almost_identical)_Medicago_truncatula	478	512
N_stretch	RIL_SHALINE12_MT_polLINEL1 1483-5480_via_tfasty_with_OSLINE1-2_pol_2_frameshifts_Medicago_truncatula	346	401
N_stretch	RIL_SHALINE5_MT_gagLINEL1 1565-3126_via_tfasty_with_LINE1C_MT_gag_1_frameshift_Medicago_truncatula	336	377
N_stretch	RIL_gi_5410438_gb_AAD43059.1_AF134171_2 pol [Dictyostelium discoideum]	499	574
N_stretch	RIR_RandI-1_VCLINER2_87-11396_Volvox_carteri	1193	1256
N_stretch	RIR_gi_34392539_dbj_BAC82597.1reverse transcriptase [Entamoeba histolytica]	11	64
N_stretch	RLC_AAP94599.1	524	575
N_stretch	RLC_ATCopia21LTRCopia_146-4495_Arabidopsis_thaliana	225	262
N_stretch	RLC_ATCopia53LTRCopia_433-4844_Wised_via_estwise_with_ATCopia11_protein_Arabidopsis	273	335
N_stretch	RLC_ATCopia54LTRCopia_142-4091_Wised_via_estwise_with_SC-8_protein_Arabidopsis	705	785
N_stretch	RLC_ATCopia5LTRCopia_97-4454_Wised_via_estwise_with_ATCopia6_protein_Arabidopsis_thaliana	233	270
N_stretch	RLC_ATCopia67LTRCopia_134-3658_via_tfasty_with_ATCopia21_5_frameshifts_Arabidopsis	580	654
N_stretch	RLC_ATCopia84LTRCopia_129-4560_Wised_via_estwise_with_ATCopia4_protein_Arabidopsis	198	237
N_stretch	RLC_ATCopia90LTRCopia_316-4878_Wised_via_estwise_with_ATCopia11_protein_Arabidopsis	213	272
N_stretch	RLC_ATCopia90LTRCopia_316-4878_Wised_via_estwise_with_ATCopia11_protein_Arabidopsis	313	403
N_stretch	RLC_ATCopia92LTRCopia_122-4527_Wised_via_estwise_with_ATCopia21_protein_Arabidopsis	208	248
N_stretch	RLC_COP10_MTLTRCopia_97-4467_Medicago_truncatula	236	289
N_stretch	RLC_COP16_MTLTRCopia_117-4039_via_tfasty_with_Copia2_OS_2_frameshifts_and_2_stopcodons_Medicago_truncatula	231	285
N_stretch	RLC_COP18_MTLTRCopia_35-4054_via_tfasty_with_Copia3_OS_4_stopcodons_Medicago_truncatula	540	621
N_stretch	RLC_COP20_MTLTRCopia_106-4157_via_tfasty_with_ATCopia78_2-4077_1_frameshift_and_2_stopcodons_Medicago_truncatula	251	298
N_stretch	RLC_COP21_MTLTRCopia_70-4392_Medicago_truncatula	850	927
N_stretch	RLC_COP6_MTLTRCopia_via_tfasty_with_Retrofit2_2_stopcodons_Medicago_truncatula	208	242
N_stretch	RLC_COP8_MTLTRCopia_18-3923_via_tfasty_with_TONT1_LE_4_stopcodons_Medicago_truncatula	405	459
N_stretch	RLC_CastorLTRCopia_75-4454_Arabidopsis	233	272
N_stretch	RLC_Claudia1_TM_envLTRCopia_4036-6969_via_tfasty_with_Maximus_p4_4_stopcodons_Triticum_monococcum	347	417
N_stretch	RLC_Claudia1_TM_gagLTRCopia_1388-2895_via_tfasty_with_COPIO_52-5417_1_frameshift_and_3_stopcodons_(KE-rich_region_masked_out)_Triticum_monococcum	302	379
N_stretch	RLC_Copia-10_MadLTRCopia_88-4461_Malus_x_domestica	291	363
N_stretch	RLC_Copia-11_MadLTRCopia_230-4769_via_tfasty_with_Copia-3_Mad_1_frameshift_and_8_stopcodons_Malus_x_domestica	247	305
N_stretch	RLC_Copia-126_SBLTRCopia_36-4413_via_tfasty_with_Copia-26_SB_1_frameshift_Sorghum_bicolor	230	267
N_stretch	RLC_Copia-12_MadLTRCopia_610-5247_via_tfasty_with_Copia33-PTR_2_stopcodons_Malus_x_domestica	245	297
N_stretch	RLC_Copia-12_MadLTRCopia_610-5247_via_tfasty_with_Copia33-PTR_2_stopcodons_Malus_x_domestica	311	377
N_stretch	RLC_Copia-18_MadLTRCopia_118-4301_Copia-76_Mad_99%_similar_with_5_frameshifts_Malus_x_domestica	234	299
N_stretch	RLC_Copia-22_MadLTRCopia_395-4984_via_tfasty_with_Copia-63_Mad_2_stopcodons_Malus_x_domestica	251	345
N_stretch	RLC_Copia-27_MadLTRCopia_30-3155_Novel_protein_with_PRP9COG5188_Splicing_factor_3a_subunit_3_domain_(AA_445-624)_To_avoid_masking_proteins_with_this_domain_those_AAs_are_partially_masked_Malus_x_domestica	465	596
N_stretch	RLC_Copia-28_MadLTRCopia_120-4407_via_tfasty_with_Copia-87_Mad_2_frameshifts_and_3_stopcodons_Malus_x_domestica	272	328
N_stretch	RLC_Copia-32_MadLTRCopia_551-4466_Malus_x_domestica	115	184
N_stretch	RLC_Copia-34_MadLTRCopia_558-5238_via_tfasty_with_Copia-52_Mad_2_frameshifts_and_3_stopcodons_Malus_x_domestica	347	387
N_stretch	RLC_Copia-36_MadLTRCopia_5637-9726_via_tfasty_with_Copia-64_Mad_3_frameshifts_and_5_stopcodons_Pos_4400-600_contains_an_inverse_more_damaged_copy_of_another_copia_polyprotein_Malus_x_domestica	298	371
N_stretch	RLC_Copia-3_MadLTRCopia_257-4768_via_tfasty_with_Copia33-PTR_2_stopcodons_Malus_x_domestica	241	311
N_stretch	RLC_Copia-41_BDLTRCopia_40-4266_via_tfasty_with_Copia-46_ZM_5_frameshifts_Brachypodium_distachyon	204	271
N_stretch	RLC_Copia-42_MadLTRCopia_663-5453_via_tfasty_with_Copia-52_Mad_5_stopcodons_Malus_x_domestica	286	385
N_stretch	RLC_Copia-50_MadLTRCopia_542-5209_via_tfasty_with_Copia-12_Mad_3_stopcodons_Malus_x_domestica	228	344
N_stretch	RLC_Copia-51_MadLTRCopia_396-5122_via_tfasty_with_Copia-22_Mad_1_frameshift_and_3_stopcodons_Malus_x_domestica	283	370
N_stretch	RLC_Copia-52_MadLTRCopia_644-5428_via_tfasty_with_Copia-12_Mad_1_stopcodon_Malus_x_domestica	315	407
N_stretch	RLC_Copia-55_MadLTRCopia_509-4875_via_tfasty_with_Copia-22_Mad_1_frameshift_Malus_x_domestica	188	242
N_stretch	RLC_Copia-63_MadLTRCopia_484-5042_via_tfasty_with_Copia-22_Mad_1_frameshift_Malus_x_domestica	257	318
N_stretch	RLC_Copia-71_MadLTRCopia_120-4520_via_tfasty_with_Copia-87_Mad_1_stopcodon_Malus_x_domestica	289	339
N_stretch	RLC_Copia-80_MadLTRCopia_216-4384_via_tfasty_with_Copia-87_Mad_1_frameshift_Malus_x_domestica	231	290
N_stretch	RLC_Copia-81_MadLTRCopia_152-4430_via_tfasty_with_Copia-45_Mad_6_frameshifts_and_1_stopcodon_Malus_x_domestica	266	313
N_stretch	RLC_Copia-84_MadLTRCopia_154-4365_via_tfasty_with_Copia-87_Mad_2_frameshifts_Malus_x_domestica	263	305
N_stretch	RLC_Copia-87_MadLTRCopia_135-4396_Malus_x_domestica	273	323
N_stretch	RLC_Copia-88_MadLTRCopia_478-5177_via_tfasty_with_Copia-22_Mad_4_frameshifts_Malus_x_domestica	242	324
N_stretch	RLC_Copia2_CRLTRCopia_63-5388_1_frameshift_masked_the_G-rich_AA_292-319_and_several_mono-AA_strings_(eg_SxxS)_to_avoid_false_masking_Chlamydomonas_reinhardtii	279	318
N_stretch	RLC_Copia30-PTRLTRCopia_80-4405_Populus_trichocarpa	327	400
N_stretch	RLC_Copia3_LC_envLTRCopia_5347-7017_(low_quality)_Lotus_corniculatus	34	142
N_stretch	RLC_Copia4_MTLTRCopia_70-4953_70-4950_(1_stopcodon)_Medicago_truncatula	881	964
N_stretch	RLC_HopscotchLTRCopia_43-4410_Oryza_sativa	214	272
N_stretch	RLC_SHACOP20_MTLTRCopia_33-4697_Medicago_truncatula	232	305
N_stretch	RLC_SZ-57LTRCopia_72-3346_via_tfasty_with_OSCopia2_2_frameshifts_and_a_ca_600_AA_deletion_around_pos_575_Oryza_sativa	643	659
N_stretch	RLC_TND1_gagLTRCopia_72-1445_Nicotiana_tabacum	302	391
N_stretch	RLC_TNT1LTRCopia_73-4068_gi_130582_sp_P10978_POLX_TOBAC_Nicotiana_tabacum	210	279
N_stretch	RLC_TORTL1_gagpolLTRCopia_872-6126_via_tfasty_with_Copia1_OS_1_frameshift_and_2_stopcodons_Lycopersicon_esculentum	958	1061
N_stretch	RLC_gi_14091838_gb_AAK53841.1_AC011806_18 Putative retroelement [Oryza sativa]	9	111
N_stretch	RLC_gi_15218006_ref_NP_176154.1polyprotein, putative; protein id_ At1g59265.1 [Arabidopsis thaliana] gi_14475941_gb_AAK62788.1_AC027036_9 polyprotein, putative [Arabidopsis thaliana] gi_18265373_dbj_BAB84015.1polyprotein [Arabidopsis thaliana]	224	270
N_stretch	RLC_gi_15223470_ref_NP_174048.1putative polyprotein; protein id_ At1g27285.1 [Arabidopsis thaliana]	221	259
N_stretch	RLC_gi_15233394_ref_NP_192321.1putative reverse transcriptase; protein id_ At4g04120.1 [Arabidopsis thaliana] gi_7487393_pir_T01462 hypothetical protein T24H24.19 - Arabidopsis thaliana gi_3377836_gb_AAC28209.1contains similarity to reverse transcriptases [Arabidopsis thaliana] gi_7267168_emb_CAB77880.1putative reverse transcriptase [Arabidopsis thaliana]	142	191
N_stretch	RLC_gi_15235901_ref_NP_193419.1retrotransposon like protein; protein id_ At4g16870.1 [Arabidopsis thaliana] gi_25301691_pir_B85188 retrotransposon like protein [imported] - Arabidopsis thaliana gi_5302802_emb_CAB46043.1retrotransposon like protein [Arabidopsis thaliana] gi_7268438_emb_CAB80958.1retrotransposon like protein [Arabidopsis thaliana]	234	269
N_stretch	RLC_gi_22328582_ref_NP_680681.1similar to putative reverse transcriptase; protein id_ At4g12423.1 [Arabidopsis thaliana]	237	299
N_stretch	RLC_gi_23928444_gb_AAN40030.1putative gag-pol polyprotein [Zea mays]	553	624
N_stretch	RLC_gi_2865427_gb_AAC02666.1polyprotein [Arabidopsis thaliana]	231	267
N_stretch	RLC_gi_4996367_dbj_BAA78426.1polyprotein [Arabidopsis thaliana]	205	267
N_stretch	RLE_CAULIV-1B_Mad_gagLTRCaulimovirus_217-2031_Malus_x_domestica	394	445
N_stretch	RLE_CAULIV-1_Mad_gagpolLTRCaulimovirus_295-5844_Malus_x_domestica	232	330
N_stretch	RLG_ABM55240.1	302	369
N_stretch	RLG_ATGP10_gagLTRGypsy_631-1553_via_tfasty_with_ATGP2I_1_frameshift_and_2_stopcodons_Trimmed_4_AA_to_first_M_Arabidopsis	152	217
N_stretch	RLG_ATHILA-1_SBiLTRGypsy_161-2806_Sorghum_bicolor	324	443
N_stretch	RLG_Athila0_gagpolLTRGypsy_145-5829_Arabidopsis	324	398
N_stretch	RLG_Athila5_gagLTRGypsy_184-2946_Arabidopsis	311	379
N_stretch	RLG_Athila8B_gagLTRGypsy_163-3097_via_tfasty_with_Athila4_1_frameshift_Arabidopsis	350	461
N_stretch	RLG_GmOgre_polLTRGypsy_6813-10196_Glycine_max	879	950
N_stretch	RLG_Gypsy1-PTRLTRGypsy_120-4865_(1_stopcodon)_Populus_trichocarpa	297	364
N_stretch	RLG_Gypsy17-PTRLTRGypsy_37-4626_(1_stopcodon)_Populus_trichocarpa	285	338
N_stretch	RLG_Ogre-SD1_gagLTRGypsy_3746-7234_via_tfasty_with_Gypsy3_MT_gag_2_frameshifts_and_11_stopcodon_Solanum_demissum	41	124
N_stretch	RLG_Ogre-SD1_gagLTRGypsy_3746-7234_via_tfasty_with_Gypsy3_MT_gag_2_frameshifts_and_11_stopcodon_Solanum_demissum	570	649
N_stretch	RLG_POPGY1_gagpolLTRGypsy_161-5488_Populus_trichocarpa	337	385
N_stretch	RLG_Q2R286_ORYSA	288	362
N_stretch	RLG_SZ-52LTRGypsy_1297-6100_via_tfasty_with_RETROSOR1_SB_4_frameshifts_and_13_stopcodons_Oryza_sativa	266	350
N_stretch	RLG_Sabrina3_TMLTRGypsy_2-1834_via_tfasty_with_Athila0_gagpol_3_frameshifts_and_3_stopcodons_Triticum_monococcum	179	275
N_stretch	RLG_Sabrina_HVLTRGypsy_966-2412_via_tfasty_with_SABRINA3_TM_4_frameshifts_and_1_stopcodon_Hordeum_vulgare	230	335
N_stretch	RLG_TEKAY_ZM_gagpolLTRGypsy_gi_18092337_gb_AAL592291_AF448416_9_gag-pol_Zea_mays	220	350
N_stretch	RLG_gi_18657005_gb_AAL78092.1_AC093568_2 Putative polyprotein [Oryza sativa]	55	116
N_stretch	RLG_gi_18657005_gb_AAL78092.1_AC093568_2 Putative polyprotein [Oryza sativa]	344	417
N_stretch	RLG_gi_19697435_gb_AAL93070.1_AC093180_17 putative polyprotein [Oryza sativa (japonica cultivar-group)]	73	134
N_stretch	RLG_gi_19697435_gb_AAL93070.1_AC093180_17 putative polyprotein [Oryza sativa (japonica cultivar-group)]	345	410
N_stretch	RLG_gi_19881670_gb_AAM01071.1_AC092748_9 Putative retroelement [Oryza sativa] gi_21672082_gb_AAM74444.1_AC124213_2 Putative retroelement [Oryza sativa (japonica cultivar-group)]	209	282
N_stretch	RLG_gi_22655778_gb_AAN04195.1Putative retroelement [Oryza sativa (japonica cultivar-group)]	248	276
N_stretch	RLG_gi_22725913_gb_AAN04923.1Putative retroelement [Oryza sativa]	390	411
N_stretch	RLG_gi_22725934_gb_AAN04944.1Putative polyprotein [Oryza sativa (japonica cultivar-group)]	250	266
N_stretch	RLG_gi_24796780_gb_AAN64457.1putative polyprotein [Oryza sativa (japonica cultivar-group)]	647	720
N_stretch	RLG_gi_25354977_pir_A84486 probable Athila retroelement ORF1 protein [imported] - Arabidopsis thaliana gi_20197605_gb_AAM15150.1putative Athila retroelement ORF1 protein [Arabidopsis thaliana]	267	335
N_stretch	RLG_gi_27552560_gb_AAO19383.1putative polyprotein [Oryza sativa (japonica cultivar-group)]	285	303
N_stretch	RLG_gi_28071284_dbj_BAC55974.1similar to polyprotein [Oryza sativa (japonica cultivar-group)]	3	64
N_stretch	RLG_gi_28071284_dbj_BAC55974.1similar to polyprotein [Oryza sativa (japonica cultivar-group)]	292	365
N_stretch	RLG_gi_29126368_gb_AAO66560.1putative retrotransposon gag protein [Oryza sativa (japonica cultivar-group)]	82	143
N_stretch	RLG_gi_29126368_gb_AAO66560.1putative retrotransposon gag protein [Oryza sativa (japonica cultivar-group)]	371	445
N_stretch	RLG_gi_7486622_pir_T01163 hypothetical protein F7N22.15 - Arabidopsis thaliana gi_3047073_gb_AAC13587.1contains similarity to retrotransposon-like proteins [Arabidopsis thaliana]	161	224
N_stretch	RLG_gi_9294241_dbj_BAB02143.1retroelement pol polyprotein-like [Arabidopsis thaliana]	241	285
