N_stretch	DHH_Helitron7_OS_helRCHelitron_genewise_with_Helitron2_OS_2523-7860_(2_intron)_Oryza_sativa	583	651
N_stretch	DHH_gi_10177991_dbj_BAB11364.1helicase [Arabidopsis thaliana]	17	104
N_stretch	DHH_gi_140069712_gb_ABO84030.1Protein of unknown function DUF889, eukaryote [Medicago truncatula]	231	278
N_stretch	DTC_ATEnSpm6DNAEn-Spm_almost_identical_to_ATEnSpm5_90%_identical_to_ATEnSpm9_genewise_with_the_latter_Arabidopsis	79	154
N_stretch	DTC_ATEnSpm9DNAEn-Spm_basically_is_gi_25405954_pir_A96528DNA_Arabidopsis	67	140
N_stretch	DTC_gi_55168000_gb_AAV43868.1unknown protein [Oryza sativa (japonica cultivar-group)]	1356	1441
N_stretch	DTC_gi_77557013_gb_ABA99809.1transposon protein, putative, CACTA, En/Spm sub-class [Oryza sativa (japonica cultivar-group)]	1075	1125
N_stretch	RIL_SHALINE12_MT_polLINEL1 1483-5480_via_tfasty_with_OSLINE1-2_pol_2_frameshifts_Medicago_truncatula	346	401
N_stretch	RIR_RandI-1_VCLINER2_87-11396_Volvox_carteri	1193	1256
N_stretch	RLC_AAP94599.1	524	575
N_stretch	RLC_ATCopia21LTRCopia_146-4495_Arabidopsis_thaliana	225	262
N_stretch	RLC_ATCopia53LTRCopia_433-4844_Wised_via_estwise_with_ATCopia11_protein_Arabidopsis	273	335
N_stretch	RLC_ATCopia54LTRCopia_142-4091_Wised_via_estwise_with_SC-8_protein_Arabidopsis	705	785
N_stretch	RLC_ATCopia5LTRCopia_97-4454_Wised_via_estwise_with_ATCopia6_protein_Arabidopsis_thaliana	233	270
N_stretch	RLC_ATCopia84LTRCopia_129-4560_Wised_via_estwise_with_ATCopia4_protein_Arabidopsis	198	237
N_stretch	RLC_ATCopia90LTRCopia_316-4878_Wised_via_estwise_with_ATCopia11_protein_Arabidopsis	213	272
N_stretch	RLC_ATCopia90LTRCopia_316-4878_Wised_via_estwise_with_ATCopia11_protein_Arabidopsis	313	403
N_stretch	RLC_ATCopia92LTRCopia_122-4527_Wised_via_estwise_with_ATCopia21_protein_Arabidopsis	208	248
N_stretch	RLC_COP10_MTLTRCopia_97-4467_Medicago_truncatula	236	289
N_stretch	RLC_COP16_MTLTRCopia_117-4039_via_tfasty_with_Copia2_OS_2_frameshifts_and_2_stopcodons_Medicago_truncatula	231	285
N_stretch	RLC_COP18_MTLTRCopia_35-4054_via_tfasty_with_Copia3_OS_4_stopcodons_Medicago_truncatula	540	621
N_stretch	RLC_COP20_MTLTRCopia_106-4157_via_tfasty_with_ATCopia78_2-4077_1_frameshift_and_2_stopcodons_Medicago_truncatula	251	298
N_stretch	RLC_COP21_MTLTRCopia_70-4392_Medicago_truncatula	850	927
N_stretch	RLC_COP6_MTLTRCopia_via_tfasty_with_Retrofit2_2_stopcodons_Medicago_truncatula	208	242
N_stretch	RLC_COP8_MTLTRCopia_18-3923_via_tfasty_with_TONT1_LE_4_stopcodons_Medicago_truncatula	405	459
N_stretch	RLC_CastorLTRCopia_75-4454_Arabidopsis	233	272
N_stretch	RLC_Copia-10_MadLTRCopia_88-4461_Malus_x_domestica	291	363
N_stretch	RLC_Copia-11_MadLTRCopia_230-4769_via_tfasty_with_Copia-3_Mad_1_frameshift_and_8_stopcodons_Malus_x_domestica	247	305
N_stretch	RLC_Copia-126_SBLTRCopia_36-4413_via_tfasty_with_Copia-26_SB_1_frameshift_Sorghum_bicolor	230	267
N_stretch	RLC_Copia-12_MadLTRCopia_610-5247_via_tfasty_with_Copia33-PTR_2_stopcodons_Malus_x_domestica	245	297
N_stretch	RLC_Copia-12_MadLTRCopia_610-5247_via_tfasty_with_Copia33-PTR_2_stopcodons_Malus_x_domestica	311	377
N_stretch	RLC_Copia-18_MadLTRCopia_118-4301_Copia-76_Mad_99%_similar_with_5_frameshifts_Malus_x_domestica	234	299
N_stretch	RLC_Copia-22_MadLTRCopia_395-4984_via_tfasty_with_Copia-63_Mad_2_stopcodons_Malus_x_domestica	251	345
N_stretch	RLC_Copia-28_MadLTRCopia_120-4407_via_tfasty_with_Copia-87_Mad_2_frameshifts_and_3_stopcodons_Malus_x_domestica	272	328
N_stretch	RLC_Copia-32_MadLTRCopia_551-4466_Malus_x_domestica	115	184
N_stretch	RLC_Copia-34_MadLTRCopia_558-5238_via_tfasty_with_Copia-52_Mad_2_frameshifts_and_3_stopcodons_Malus_x_domestica	347	387
N_stretch	RLC_Copia-36_MadLTRCopia_5637-9726_via_tfasty_with_Copia-64_Mad_3_frameshifts_and_5_stopcodons_Pos_4400-600_contains_an_inverse_more_damaged_copy_of_another_copia_polyprotein_Malus_x_domestica	298	371
N_stretch	RLC_Copia-3_MadLTRCopia_257-4768_via_tfasty_with_Copia33-PTR_2_stopcodons_Malus_x_domestica	241	311
N_stretch	RLC_Copia-41_BDLTRCopia_40-4266_via_tfasty_with_Copia-46_ZM_5_frameshifts_Brachypodium_distachyon	204	271
N_stretch	RLC_Copia-42_MadLTRCopia_663-5453_via_tfasty_with_Copia-52_Mad_5_stopcodons_Malus_x_domestica	286	385
N_stretch	RLC_Copia-50_MadLTRCopia_542-5209_via_tfasty_with_Copia-12_Mad_3_stopcodons_Malus_x_domestica	228	344
N_stretch	RLC_Copia-51_MadLTRCopia_396-5122_via_tfasty_with_Copia-22_Mad_1_frameshift_and_3_stopcodons_Malus_x_domestica	283	370
N_stretch	RLC_Copia-52_MadLTRCopia_644-5428_via_tfasty_with_Copia-12_Mad_1_stopcodon_Malus_x_domestica	315	407
N_stretch	RLC_Copia-55_MadLTRCopia_509-4875_via_tfasty_with_Copia-22_Mad_1_frameshift_Malus_x_domestica	188	242
N_stretch	RLC_Copia-63_MadLTRCopia_484-5042_via_tfasty_with_Copia-22_Mad_1_frameshift_Malus_x_domestica	257	318
N_stretch	RLC_Copia-71_MadLTRCopia_120-4520_via_tfasty_with_Copia-87_Mad_1_stopcodon_Malus_x_domestica	289	339
N_stretch	RLC_Copia-80_MadLTRCopia_216-4384_via_tfasty_with_Copia-87_Mad_1_frameshift_Malus_x_domestica	231	290
N_stretch	RLC_Copia-81_MadLTRCopia_152-4430_via_tfasty_with_Copia-45_Mad_6_frameshifts_and_1_stopcodon_Malus_x_domestica	266	313
N_stretch	RLC_Copia-84_MadLTRCopia_154-4365_via_tfasty_with_Copia-87_Mad_2_frameshifts_Malus_x_domestica	263	305
N_stretch	RLC_Copia-87_MadLTRCopia_135-4396_Malus_x_domestica	273	323
N_stretch	RLC_Copia-88_MadLTRCopia_478-5177_via_tfasty_with_Copia-22_Mad_4_frameshifts_Malus_x_domestica	242	324
N_stretch	RLC_Copia2_CRLTRCopia_63-5388_1_frameshift_masked_the_G-rich_AA_292-319_and_several_mono-AA_strings_(eg_SxxS)_to_avoid_false_masking_Chlamydomonas_reinhardtii	279	318
N_stretch	RLC_Copia30-PTRLTRCopia_80-4405_Populus_trichocarpa	327	400
N_stretch	RLC_Copia4_MTLTRCopia_70-4953_70-4950_(1_stopcodon)_Medicago_truncatula	881	964
N_stretch	RLC_HopscotchLTRCopia_43-4410_Oryza_sativa	214	272
N_stretch	RLC_SHACOP20_MTLTRCopia_33-4697_Medicago_truncatula	232	305
N_stretch	RLC_TNT1LTRCopia_73-4068_gi_130582_sp_P10978_POLX_TOBAC_Nicotiana_tabacum	210	279
N_stretch	RLC_TORTL1_gagpolLTRCopia_872-6126_via_tfasty_with_Copia1_OS_1_frameshift_and_2_stopcodons_Lycopersicon_esculentum	958	1061
N_stretch	RLC_gi_15218006_ref_NP_176154.1polyprotein, putative; protein id_ At1g59265.1 [Arabidopsis thaliana] gi_14475941_gb_AAK62788.1_AC027036_9 polyprotein, putative [Arabidopsis thaliana] gi_18265373_dbj_BAB84015.1polyprotein [Arabidopsis thaliana]	224	270
N_stretch	RLC_gi_15223470_ref_NP_174048.1putative polyprotein; protein id_ At1g27285.1 [Arabidopsis thaliana]	221	259
N_stretch	RLC_gi_15235901_ref_NP_193419.1retrotransposon like protein; protein id_ At4g16870.1 [Arabidopsis thaliana] gi_25301691_pir_B85188 retrotransposon like protein [imported] - Arabidopsis thaliana gi_5302802_emb_CAB46043.1retrotransposon like protein [Arabidopsis thaliana] gi_7268438_emb_CAB80958.1retrotransposon like protein [Arabidopsis thaliana]	234	269
N_stretch	RLC_gi_23928444_gb_AAN40030.1putative gag-pol polyprotein [Zea mays]	553	624
N_stretch	RLC_gi_2865427_gb_AAC02666.1polyprotein [Arabidopsis thaliana]	231	267
N_stretch	RLC_gi_4996367_dbj_BAA78426.1polyprotein [Arabidopsis thaliana]	205	267
N_stretch	RLE_CAULIV-1_Mad_gagpolLTRCaulimovirus_295-5844_Malus_x_domestica	232	330
N_stretch	RLG_ABM55240.1	302	369
N_stretch	RLG_Athila0_gagpolLTRGypsy_145-5829_Arabidopsis	324	398
N_stretch	RLG_Gypsy1-PTRLTRGypsy_120-4865_(1_stopcodon)_Populus_trichocarpa	297	364
N_stretch	RLG_Gypsy17-PTRLTRGypsy_37-4626_(1_stopcodon)_Populus_trichocarpa	285	338
N_stretch	RLG_POPGY1_gagpolLTRGypsy_161-5488_Populus_trichocarpa	337	385
N_stretch	RLG_Q2R286_ORYSA	288	362
N_stretch	RLG_SZ-52LTRGypsy_1297-6100_via_tfasty_with_RETROSOR1_SB_4_frameshifts_and_13_stopcodons_Oryza_sativa	266	350
N_stretch	RLG_TEKAY_ZM_gagpolLTRGypsy_gi_18092337_gb_AAL592291_AF448416_9_gag-pol_Zea_mays	220	350
N_stretch	RLG_gi_22655778_gb_AAN04195.1Putative retroelement [Oryza sativa (japonica cultivar-group)]	248	276
N_stretch	RLG_gi_22725913_gb_AAN04923.1Putative retroelement [Oryza sativa]	390	411
N_stretch	RLG_gi_27552560_gb_AAO19383.1putative polyprotein [Oryza sativa (japonica cultivar-group)]	285	303
